[backblue.gif]
[fade.gif]
[index.html]
[conectbr.com.br/horus/content/landing/images/favicon.ico]
[conectbr.com.br/horus/content/landing/images/landing.png]
[conectbr.com.br/horus/content/landing/images/home_slide-landing-bg.jpg]
[conectbr.com.br/horus/content/landing/images/home_slide-landing-8.png]
[conectbr.com.br/horus/content/landing/images/home_slide-landing-7.png]
[conectbr.com.br/horus/content/landing/images/home_slide-landing-6.png]
[conectbr.com.br/horus/content/landing/images/home_slide-landing-5.png]
[conectbr.com.br/horus/content/landing/images/home_slide-landing-4.png]
[conectbr.com.br/horus/content/landing/images/home_slide-landing-3.png]
[conectbr.com.br/horus/content/landing/images/home_slide-landing-2.png]
[conectbr.com.br/horus/content/landing/images/home_slide-landing-1.png]
[conectbr.com.br/horus/content/landing/images/home_landing_box_1.png]
[conectbr.com.br/horus/content/landing/images/home_landing_box_2.png]
[conectbr.com.br/horus/content/landing/images/home_landing_box_3.png]
[conectbr.com.br/horus/content/landing/images/home_landing_box_4.png]
[conectbr.com.br/horus/content/landing/images/conectbr.png]
[conectbr.com.br/horus/content/landing/images/home_landing_pic_1.jpg]
[conectbr.com.br/horus/content/landing/images/home_landing_pic_2.jpg]
[conectbr.com.br/horus/content/landing/images/home_landing_pic_3.jpg]
[conectbr.com.br/horus/content/landing/images/home_landing_pic_4.jpg]
[conectbr.com.br/horus/content/landing/images/landing_section.jpg]
[conectbr.com.br/horus/js/jquery-2.1.4.min.js]
[conectbr.com.br/horus/js/mfn.menu.js]
[conectbr.com.br/horus/js/jquery.plugins.js]
[conectbr.com.br/horus/js/jquery.jplayer.min.js]
[conectbr.com.br/horus/js/animations/animations.js]
[conectbr.com.br/horus/js/scripts.js]
[conectbr.com.br/horus/plugins/rs-plugin/js/jquery.themepunch.tools.min.js]
[conectbr.com.br/horus/plugins/rs-plugin/js/jquery.themepunch.revolution.min.js]
[conectbr.com.br/horus/plugins/rs-plugin/js/extensions/revolution.extension.video.min.js]
[conectbr.com.br/horus/plugins/rs-plugin/js/extensions/revolution.extension.slideanims.min.js]
[conectbr.com.br/horus/plugins/rs-plugin/js/extensions/revolution.extension.actions.min.js]
[conectbr.com.br/horus/plugins/rs-plugin/js/extensions/revolution.extension.layeranimation.min.js]
[conectbr.com.br/horus/plugins/rs-plugin/js/extensions/revolution.extension.kenburn.min.js]
[conectbr.com.br/horus/plugins/rs-plugin/js/extensions/revolution.extension.navigation.min.js]
[conectbr.com.br/horus/plugins/rs-plugin/js/extensions/revolution.extension.migration.min.js]
[conectbr.com.br/horus/plugins/rs-plugin/js/extensions/revolution.extension.parallax.min.js]
[conectbr.com.br/horus/content/landing/images/retina-landing.png]
[conectbr.com.br/horus/index.html]
[conectbr.com.br/horus/css/fonts/mfn-icons.eot]
[conectbr.com.br/horus/css/fonts/mfn-icons.woff]
[conectbr.com.br/horus/css/fonts/mfn-icons.ttf]
[conectbr.com.br/horus/css/images/jplayer.png]
[conectbr.com.br/horus/css/images/jplayer.blue.monday.jpg]
[conectbr.com.br/horus/css/images/jplayer.blue.monday.seeking.gif]
[conectbr.com.br/horus/css/global.css]
[conectbr.com.br/horus/content/landing/images/stripes/stripes_3_b.png]
[conectbr.com.br/horus/content/landing/images/box_shadow.png]
[conectbr.com.br/horus/content/landing/images/blockquote.png]
[conectbr.com.br/horus/content/landing/images/stripes/stripes_5_b.png]
[conectbr.com.br/horus/content/landing/images/top_bar_right_shadow.png]
[conectbr.com.br/horus/content/landing/images/timeline_right.png]
[conectbr.com.br/horus/content/landing/images/recent_comments.png]
[conectbr.com.br/horus/content/landing/images/stripes/stripes_10_w.png]
[conectbr.com.br/horus/content/landing/images/bg_panel.png]
[conectbr.com.br/horus/content/landing/css/structure.css]
[conectbr.com.br/horus/content/landing/css/landing.css]
[conectbr.com.br/horus/content/landing/css/custom.css]
[conectbr.com.br/horus/plugins/rs-plugin/fonts/revicons/revicons90c6.eot]
[conectbr.com.br/horus/plugins/rs-plugin/fonts/revicons/revicons90c6.woff]
[conectbr.com.br/horus/plugins/rs-plugin/fonts/revicons/revicons90c6.ttf]
[conectbr.com.br/horus/plugins/rs-plugin/css/openhand.cur]
[conectbr.com.br/horus/plugins/rs-plugin/css/closedhand.cur]
[conectbr.com.br/horus/plugins/rs-plugin/assets/gridtile.png]
[conectbr.com.br/horus/plugins/rs-plugin/assets/gridtile_white.png]
[conectbr.com.br/horus/plugins/rs-plugin/assets/gridtile_3x3.png]
[conectbr.com.br/horus/plugins/rs-plugin/assets/gridtile_3x3_white.png]
[conectbr.com.br/horus/plugins/rs-plugin/assets/coloredbg.png]
[conectbr.com.br/horus/plugins/rs-plugin/assets/loader.gif]
[conectbr.com.br/horus/plugins/rs-plugin/css/settings.css]
[conectbr.com.br/horus/index-landing.html]
[conectbr.com.br/horus/images/box_shadow_button.html]
[conectbr.com.br/horus/css/fonts/mfn-icons.svg]
[conectbr.com.br/horus/images/stripes/stripes_3_b.html]
[conectbr.com.br/horus/images/stripes/stripes_10_w.html]
[conectbr.com.br/horus/images/stripes/textline.html]
[conectbr.com.br/horus/images/blockquote.html]
[conectbr.com.br/horus/images/icons/list_check.html]
[conectbr.com.br/horus/images/icons/list_star.html]
[conectbr.com.br/horus/images/icons/list_idea.html]
[conectbr.com.br/horus/images/bg_panel.html]
[conectbr.com.br/horus/images/box_shadow.html]
[conectbr.com.br/horus/images/blog_masonry_tile_gradient.html]
[conectbr.com.br/horus/images/stripes/stripes_10_b.html]
[conectbr.com.br/horus/images/progressbar.html]
[conectbr.com.br/horus/images/timeline_top.html]
[conectbr.com.br/horus/images/timeline_right.html]
[conectbr.com.br/horus/images/timeline_left.html]
[conectbr.com.br/horus/images/fancy_heading_hr.html]
[conectbr.com.br/horus/images/link.html]
[conectbr.com.br/horus/css/images/ui-icons_222222_256x240.html]
[conectbr.com.br/horus/css/images/ui-bg_flat_0_aaaaaa_40x100.html]
[conectbr.com.br/horus/css/images/bg_widget_header.html]
[conectbr.com.br/horus/css/images/bg_widget_header_active.html]
[conectbr.com.br/horus/css/images/ui-bg_flat_75_ffffff_40x100.html]
[conectbr.com.br/horus/css/images/ui-bg_glass_55_fbf9ee_1x400.html]
[conectbr.com.br/horus/css/images/ui-bg_glass_95_fef1ec_1x400.html]
[conectbr.com.br/horus/css/images/ui-icons_888888_256x240.html]
[conectbr.com.br/horus/css/images/ui-icons_2e83ff_256x240.html]
[conectbr.com.br/horus/css/images/ui-icons_cd0a0a_256x240.html]
[conectbr.com.br/horus/css/images/ui-icons_454545_256x240.html]
[conectbr.com.br/horus/images/prettyPhoto/default/sprite.html]
[conectbr.com.br/horus/images/prettyPhoto/default/sprite_x.html]
[conectbr.com.br/horus/images/prettyPhoto/default/sprite_y.html]
[conectbr.com.br/horus/images/prettyPhoto/default/sprite_next.html]
[conectbr.com.br/horus/images/prettyPhoto/default/sprite_prev.html]
[conectbr.com.br/horus/images/prettyPhoto/default/default_thumb.html]
[conectbr.com.br/horus/images/prettyPhoto/default/loader.html]
[conectbr.com.br/horus/images/prettyPhoto/light_rounded/sprite.html]
[conectbr.com.br/horus/images/prettyPhoto/light_rounded/btnNext.html]
[conectbr.com.br/horus/images/prettyPhoto/light_rounded/btnPrevious.html]
[conectbr.com.br/horus/images/prettyPhoto/dark_rounded/sprite.html]
[conectbr.com.br/horus/images/prettyPhoto/dark_rounded/contentPattern.html]
[conectbr.com.br/horus/images/prettyPhoto/dark_rounded/btnNext.html]
[conectbr.com.br/horus/images/prettyPhoto/dark_rounded/btnPrevious.html]
[conectbr.com.br/horus/images/prettyPhoto/dark_rounded/loader.html]
[conectbr.com.br/horus/images/prettyPhoto/dark_square/loader.html]
[conectbr.com.br/horus/images/prettyPhoto/dark_square/sprite.html]
[conectbr.com.br/horus/images/prettyPhoto/dark_square/btnNext.html]
[conectbr.com.br/horus/images/prettyPhoto/dark_square/btnPrevious.html]
[conectbr.com.br/horus/images/prettyPhoto/light_square/sprite.html]
[conectbr.com.br/horus/images/prettyPhoto/light_square/btnNext.html]
[conectbr.com.br/horus/images/prettyPhoto/light_square/btnPrevious.html]
[conectbr.com.br/horus/images/prettyPhoto/facebook/sprite.html]
[conectbr.com.br/horus/images/prettyPhoto/facebook/contentPatternTop.html]
[conectbr.com.br/horus/images/prettyPhoto/facebook/contentPatternLeft.html]
[conectbr.com.br/horus/images/prettyPhoto/facebook/contentPatternRight.html]
[conectbr.com.br/horus/images/prettyPhoto/facebook/loader.html]
[conectbr.com.br/horus/images/prettyPhoto/facebook/btnNext.html]
[conectbr.com.br/horus/images/prettyPhoto/facebook/btnPrevious.html]
[conectbr.com.br/horus/images/prettyPhoto/facebook/contentPatternBottom.html]
[conectbr.com.br/horus/images/prettyPhoto/facebook/default_thumbnail.html]
[conectbr.com.br/horus/images/prettyPhoto/light_rounded/loader.html]
[conectbr.com.br/horus/images/fancy_heading_hr_dark.html]
[conectbr.com.br/horus/images/stripes/stripes_5_b.html]
[conectbr.com.br/horus/images/photo.html]
[conectbr.com.br/horus/images/recent_comments.html]
[conectbr.com.br/horus/images/textline_dark.html]
[conectbr.com.br/horus/images/blockquote_dark.html]
[conectbr.com.br/horus/content/landing/images/tp-leftarrow.html]
[conectbr.com.br/horus/content/landing/images/tp-rightarrow.html]
[conectbr.com.br/horus/content/landing/images/preloader.html]
[conectbr.com.br/horus/content/landing/images/link.html]
[conectbr.com.br/horus/content/landing/images/photo.html]
[conectbr.com.br/horus/content/landing/images/contact_form_error.html]
[conectbr.com.br/horus/content/landing/images/fancy_heading_hr_dark.html]
[conectbr.com.br/horus/content/landing/images/videomask.html]
[conectbr.com.br/horus/content/landing/images/menu-plus.html]
[conectbr.com.br/horus/plugins/rs-plugin/fonts/revicons/revicons90c6.svg]
